// Jest Snapshot v1, https://goo.gl/fbAQLP

exports[`Render Navigation Component renders without crashing 1`] = `ShallowWrapper {}`;
